============================= test session starts =============================
platform win32 -- Python 3.14.3, pytest-9.0.2, pluggy-1.6.0 -- C:\Python314\python.exe
cachedir: .pytest_cache
rootdir: C:\Users\mamid\vibe\quote_agents
plugins: anyio-4.12.1, langsmith-0.7.12
collecting ... collected 1 item

tests/test_edge_cases.py::test_api_edge_cases FAILED                     [100%]

================================== FAILURES ===================================
_____________________________ test_api_edge_cases _____________________________

    def test_api_edge_cases():
        base_payload = {
            "Agent_Type": "EA", "Q_Creation_DT": "2023/10/01", "Q_Valid_DT": "2023/12/31",
            "Policy_Bind_DT": "2023/10/02", "Region": "A", "Agent_Num": 10,
            "Policy_Type": "Truck", "HH_Vehicles": 1, "HH_Drivers": 1,
            "Driver_Age": 30.0, "Driving_Exp": 5, "Prev_Accidents": 0, "Prev_Citations": 0,
            "Gender": "Male", "Marital_Status": "Married", "Education": "Bachelors",
            "Sal_Range": "> \u20b9 25 Lakh <= \u20b9 40 Lakh", "Coverage": "Balanced", "Veh_Usage": "Business",
            "Annual_Miles_Range": "<= 7.5 K", "Vehicl_Cost_Range": "> \u20b9 10 Lakh <= \u20b9 20 Lakh",
            "Re_Quote": "No", "Quoted_Premium": 1000
        }
    
        # Case 1: 10-year-old driver (Validation error)
        p1 = base_payload.copy()
        p1["Driver_Age"] = 10
        p1["Driving_Exp"] = 0
>       run_test("10-Year-Old Driver", p1, expected_fraud_flag=True)

tests\test_edge_cases.py:40: 
_ _ _ _ _ _ _ _ _ _ _ _ _ _ _ _ _ _ _ _ _ _ _ _ _ _ _ _ _ _ _ _ _ _ _ _ _ _ _ _
tests\test_edge_cases.py:16: in run_test
    result = pipeline.execute(quote)
             ^^^^^^^^^^^^^^^^^^^^^^^
agents\pipeline.py:36: in execute
    conversion_out = self.agent_conversion.process(quote, risk_out.risk_tier)
                     ^^^^^^^^^^^^^^^^^^^^^^^^^^^^^^^^^^^^^^^^^^^^^^^^^^^^^^^^
_ _ _ _ _ _ _ _ _ _ _ _ _ _ _ _ _ _ _ _ _ _ _ _ _ _ _ _ _ _ _ _ _ _ _ _ _ _ _ _

self = <agents.agent_2_conversion.ConversionPredictorAgent object at 0x0000024069AD5550>
quote = QuoteInput(Agent_Type=<AgentType.EA: 'EA'>, Q_Creation_DT='2023/10/01', Q_Valid_DT='2023/12/31', Policy_Bind_DT='2023/...>, Vehicl_Cost_Range=<VehicleCost.C2: '> \u20b9 10 Lakh <= \u20b9 20 Lakh'>, Re_Quote=<ReQuoteOpt.NO: 'No'>, Quoted_Premium=1000)
risk_tier = 'MEDIUM'

    def process(self, quote: QuoteInput, risk_tier: str) -> ConversionOutput:
        # Convert quote to dataframe row
        input_data = quote.model_dump()
        df = pd.DataFrame([input_data])
    
        # Build features exactly like training
        for col in self.feature_cols:
            if col not in df.columns and col != 'Risk_Tier':
                df[col] = 0.0
    
        # Encode categorical variables
        for col in self.feature_cols:
            if col in self.encoders and col in df.columns:
                df[col] = self.encoders[col].transform(df[col].astype(str))
    
        # Add encoded risk tier
        try:
            encoded_risk = self.risk_encoder.transform([risk_tier])[0]
        except ValueError:
            encoded_risk = 0
    
        df['Risk_Tier'] = encoded_risk
    
        # Ensure exact column order
        xgb_cols = self.feature_cols + ['Risk_Tier']
        df = df[xgb_cols]
    
        # Predict Probability
        prob = float(self.xgb_model.predict_proba(df)[0][1] * 100)
    
        if prob > 70:
            band = "HIGH"
        elif prob > 30:
            band = "MEDIUM"
        else:
            band = "LOW"
    
        # SHAP Explainability (Top Drivers)
        shap_values = self.explainer.shap_values(df)
        import numpy as np
        if isinstance(shap_values, list): # Check if multi-output
            sv = shap_values[1][0]
        else:
            shap_array = np.array(shap_values)
            if len(shap_array.shape) == 3:
                sv = shap_array[0, :, 1]
            else:
                sv = shap_array[0] # Typical for XGBoost binary
    
        sv = np.array(sv).flatten()
    
        # Get top 3 features pulling the probability in current direction
        sorted_indices = np.argsort(-np.abs(sv))
>       top_drivers = [self.feature_cols[i] for i in sorted_indices[:3]]
                       ^^^^^^^^^^^^^^^^^^^^
E       IndexError: list index out of range

agents\agent_2_conversion.py:69: IndexError
=========================== short test summary info ===========================
FAILED tests/test_edge_cases.py::test_api_edge_cases - IndexError: list index...
============================== 1 failed in 7.82s ==============================
